EX.NO:1				BASIC OF UNIX COMMANDS

I.WORKING WITH DIRECTORIES
Create a directory:
[cse414@cc2linux ~]$ mkdir d1
[cse414@cc2linux ~]$ mkdir d2
[cse414@cc2linux ~]$ ls	
d1  d2  latest  new
Change the working directory:
[cse414@cc2linux ~]$ cd d1
[cse414@cc2linux d1]$ l
[cse414@cc2linux d1]$ cat > d
operating system.
networks.
micro processors.
[cse414@cc2linux d1]$ ls
d
[cse414@cc2linux d1]$ cd ..
[cse414@cc2linux ~]$ cd
Move file within directories:
[cse414@cc2linux ~]$ mv new d2
[cse414@cc2linux ~]$ cd d2 d3
[cse414@cc2linux d2]$ ls
New

.FILE PERMISSIONS:  (u-user,g-group,o-others) (r-read,w-write,x-execute)
(octal notation for read-4, write-2 ,execute-1)
Syntax: chmod ugo filename
 [cplab2@localhost ~]$ chmod 761 College(user has permission to do all,group has only read and write permission, others has only execute permission)
[cplab2@localhost ~]$ ls -l College
-rwxrw---x 1 cplab2 cplab2 39 Feb  1 11:44 College
[cplab2@localhost ~]$ chmod 463 College
[cplab2@localhost ~]$ ls -l College
-r--rw--wx 1 cplab2 cplab2 39 Feb  1 11:44 College

 
II.WORKING WITH FILE RELATED COMMANDS

Creating a file:
[cse414@cc2linux ~]$ cat > basic
multitasking is the capability of the operating system to perform various tasks.
A single user can perform various tasks.
every user can have a login name and a password .
 operating system is used to have interface between system and user.

[cse414@cc2linux ~]$ cat > commands
working with file related commands.
process and status information command
filter command
working with directories.

[cse414@cc2linux ~]$ cat > pipes
if we want to perform multiple tasks we can go pipes and filters.
a pipe is a mechanism which takes the output of a command
its input for the next command.

Display a file:
[cse414@cc2linux ~]$ cat commands
working with file related commands.
process and status information command
filter command
working with directories.

Append a file:
[cse414@cc2linux ~]$ cat >> pipes
filters are used to extract the lines, which contain a specific pattern to arrange the contents.
[cse414@cc2linux ~]$ cat pipes
if we want to perform multiple tasks we can go pipes and filters. a pipe is a mechanism which takes the output of a command
its input for the next command.
filters are used to extract the lines,which contain a specific pattern to arrange the contents.

 
Concatenation of files:
[cse414@cc2linux ~]$ cat basic commands > pipes
[cse414@cc2linux ~]$ cat pipes
multitasking is the capability of the operating system to peerform various tasks.
A single user can perform various tasks.
every user can have a login name and a password .
working with file related commands.
process and status information command
filter command
working with directories.

Copy a file:
[cse414@cc2linux ~]$ cp basic commands
 [cse414@cc2linux ~]$ cat commands
multitasking is the capability of the operating system to perform various tasks.
A single user can perform various tasks.
every user can have a login name and a password .

Move a file:
[cse414@cc2linux ~]$ mv basic commands
[cse414@cc2linux ~]$ cat basic
cat: basic: No such file or directory
[cse414@cc2linux ~]$ cat commands
multitasking is the capability of the operating system to perform various tasks.
A single user can perform various tasks.
every user can have a login name and a password .

Comparing files:
[cse414@cc2linux ~]$ cmp commands pipes
cmp: EOF on commands

Difference between files:
[cse414@cc2linux ~]$ diff commands pipes
6a7,12
> working with file related commands.
> process and status information command
> filter command
> working with directories.

List :
[cse414@cc2linux ~]$ list ls
-bash: list: command not found
[cse414@cc2linux ~]$ ls
commands  pipes

Remove:
[cse414@cc2linux ~]$ rm pipes
[cse414@cc2linux ~]$ ls
commands
 
[cse414@cc2linux ~]$ rm -i commands
rm: remove regular file `commands'? n

 [cse414@cc2linux ~]$ rm -r commands

More:
 [cse414@cc2linux ~]$ more new old
::::::::::::::
new
::::::::::::::
multitasking is the capability of the operating system to peerform various tasks
.A single user can perform various tasks.
every user can have a login name and a password .
os is used to have interface between system and user.
old: No such file or directory

Additional file name:
[cse414@cc2linux ~]$ ln new latest
[cse414@cc2linux ~]$ ls
latest  new

Present working directory:
[cse414@cc2linux ~]$ pwd
/home/cse414

III.PROCESS AND STATUS INFORMATION COMMAND
 Date:
[cse414@cc2linux ~]$ date
Sun Dec 31 23:55:10 IST 2000
[cse414@cc2linux ~]$ date +%d
31
[cse414@cc2linux ~]$ date +%m
12
[cse414@cc2linux ~]$ date +%h
Dec
[cse414@cc2linux ~]$ date +%y
00
[cse414@cc2linux ~]$ date +%R
23:55
[cse414@cc2linux ~]$ date +%T
23:55:38

Calendar:
[cse414@cc2linux ~]$ cal
    December 2000
Su Mo Tu We Th Fr Sa
                1  2
 3  4  5  6  7  8  9
10 11 12 13 14 15 16
17 18 19 20 21 22 23
24 25 26 27 28 29 30
31

[cse414@cc2linux ~]$ cal 2015
                               2015

       January               February                 March
Su Mo Tu We Th Fr Sa   Su Mo Tu We Th Fr Sa   Su Mo Tu We Th Fr Sa
             1  2  3    1  2  3  4  5  6  7    1  2  3  4  5  6  7
 4  5  6  7  8  9 10    8  9 10 11 12 13 14    8  9 10 11 12 13 14
11 12 13 14 15 16 17   15 16 17 18 19 20 21   15 16 17 18 19 20 21
18 19 20 21 22 23 24   22 23 24 25 26 27 28   22 23 24 25 26 27 28
25 26 27 28 29 30 31                          29 30 31

        April                   May                   June
Su Mo Tu We Th Fr Sa   Su Mo Tu We Th Fr Sa   Su Mo Tu We Th Fr Sa
          1  2  3  4                   1  2       1  2  3  4  5  6
 5  6  7  8  9 10 11    3  4  5  6  7  8  9    7  8  9 10 11 12 13
12 13 14 15 16 17 18   10 11 12 13 14 15 16   14 15 16 17 18 19 20
19 20 21 22 23 24 25   17 18 19 20 21 22 23   21 22 23 24 25 26 27
26 27 28 29 30         24 25 26 27 28 29 30   28 29 30
                       31
        July                  August                September
Su Mo Tu We Th Fr Sa   Su Mo Tu We Th Fr Sa   Su Mo Tu We Th Fr Sa
          1  2  3  4                      1          1  2  3  4  5
 5  6  7  8  9 10 11    2  3  4  5  6  7  8    6  7  8  9 10 11 12
12 13 14 15 16 17 18    9 10 11 12 13 14 15   13 14 15 16 17 18 19
19 20 21 22 23 24 25   16 17 18 19 20 21 22   20 21 22 23 24 25 26
26 27 28 29 30 31      23 24 25 26 27 28 29   27 28 29 30
                       30 31
       October               November               December
Su Mo Tu We Th Fr Sa   Su Mo Tu We Th Fr Sa   Su Mo Tu We Th Fr Sa
             1  2  3    1  2  3  4  5  6  7          1  2  3  4  5
 4  5  6  7  8  9 10    8  9 10 11 12 13 14    6  7  8  9 10 11 12
11 12 13 14 15 16 17   15 16 17 18 19 20 21   13 14 15 16 17 18 19
18 19 20 21 22 23 24   22 23 24 25 26 27 28   20 21 22 23 24 25 26
25 26 27 28 29 30 31   29 30                  27 28 29 30 31

Binary calculator:
[cse414@cc2linux ~]$ bc
bc 1.06
5*4
20

Who :
[cse414@cc2linux ~]$ who
cse319   pts/1        Dec 31 23:04 (132.147.162.8)
cse318   pts/2        Dec 31 23:51 (132.147.162.7)
cse212   pts/3        Dec 31 23:04 (132.147.162.9)
cse316   pts/4        Dec 31 23:24 (132.147.162.5)

Finger command:
[cse414@cc2linux ~]$ finger
Login     Name       Tty      Idle  Login Time   Office     Office Phone
Cse303    cse303     pts/22         Dec 31 23:10 (132.147.162.11)
Cse322    cse322     pts/3       1  Dec 31 23:04 (132.147.162.9)
Cse324   cse324     pts/8       1  Dec 31 23:06 (132.147.162.10)
cse325    cse325     pts/13         Dec 31 23:19 (132.147.162.1)
cse326    cse326     pts/11         Dec 31 23:55 (132.147.162.2)
cse332    cse332     pts/9          Dec 31 23:06 (132.147.162.3)
cse335    cse335     pts/7       1  Dec 31 23:05 (132.147.162.4)
cse338    cse338     pts/4          Dec 31 23:24 (132.147.162.5)
cse340    cse340     pts/10      2  Dec 31 23:32 (132.147.162.27)
cse346    cse346     pts/2          Dec 31 23:51 (132.147.162.7)

Who am i:
[cse414@cc2linux ~]$ who am i
cse414   pts/11       Dec 31 23:55 (132.147.162.2)

Man:
[cse414@cc2linux ~]$ man date
DATE(1)                        User Commands                        DATE(1)
NAME
       date - print or set the system date and time
SYNOPSIS
       date [OPTION]... [+FORMAT]
       date [-u|--utc|--universal] [MMDDhhmm[[CC]YY][.ss]]
DESCRIPTION
       Display  the  current  time  in  the given FORMAT, or set the system
       date.

       -d, --date=STRING
              display time described by STRING, not ânowâ

       -f, --file=DATEFILE
              like --date once for each line of DATEFILE

 [1]+  Stopped                 man date

Word count:
[cse414@cc2linux ~]$ wc new
wc new
  6  85 557 new
[cse414@cc2linux ~]$ wc -w new
85 new
[cse414@cc2linux ~]$ wc -c new
557 new
[cse414@cc2linux ~]$ wc -l new
6 new

Echo:
[cse414@cc2linux ~]$ echo

Read:
[cse414@cc2linux ~]$ read a
5
[cse414@cc2linux ~]$ echo $a
5

Terminal line:
[cse414@cc2linux ~]$ tty
/dev/pts/11

Adding line number to file:
[cse414@cc2linux ~]$ nl new
     1  multitasking is the capability of the operating system to peerform various tasks.A single user can perform various tasks.
     2  every user can have a login name and a password .so, accessing another users data is impossible without permission.

Which :
[cse414@cc2linux ~]$ which date
/bin/date
[cse414@cc2linux ~]$ which new
/usr/bin/which: no new in (/usr/kerberos/bin:/usr/local/bin:/bin:/usr/bin:/usr
/X11R6/bin:/home/cse414/bin)

IV.FILTER COMMAND
Sorting:
[cse414@cc2linux ~]$ cat new
multitasking is the capability of the operating system to perform various tasks.
A single user can perform various tasks.
every user can have a login name and a password .

[cse414@cc2linux ~]$ sort new
every user can have a login name and a password .
 multitasking is the capability of the operating system to perform various tasks.
A single user can perform various tasks.

[cse414@cc2linux ~]$ sort -r new
multitasking is the capability of the operating system to perform various tasks.
A single user can perform various tasks.
every user can have a login name and a password .

[cse414@cc2linux ~]$ sort -u new
every user can have a login name and a password .
 multitasking is the capability of the operating system to perform various tasks.
A single user can perform various tasks.

[cse414@cc2linux ~]$ sort -n new
communication is between different terminals.
every user can have a login name and a password .
 multitasking is the capability of the operating system to perform various tasks
.A single user can perform various tasks.

Head:
[cse414@cc2linux ~]$ head new
multitasking is the capability of the operating system to perform various tasks.
A single user can perform various tasks.
every user can have a login name and a password . 

[cse414@cc2linux ~]$ head -2  new
multitasking is the capability of the operating system to perform various tasks.A single user can perform various tasks.
every user can have a login name and a password .so, accessing another users data is impossible without permission.

Tail:
[cse414@cc2linux ~]$ tail new
multitasking is the capability of the operating system to perform various tasks.
A single user can perform various tasks.
every user can have a login name and a password .
 [cse414@cc2linux ~]$ tail -2 new
Necessary ingredients like conditional and control structures and variables.
communication is between different terminals.

Cut:
[cse414@cc2linux ~]$ cut -c1-3 new
mul
eve
UNI
os
UNI
com

[cse414@cc2linux ~]$ cut -r1-3 new
cut: invalid option -- r
Try `cut --help' for more information.
[cse414@cc2linux ~]$ ls
latest  new

Paste:
[cse414@cc2linux ~]$ paste new latest
multitasking is the capability of the operating system to perform various tasks.A single user can perform various tasks. multitasking is the capability of the operating system to perform various tasks.A single user can perform various tasks.

Grep:
[cse414@cc2linux ~]$ grep "between" new
os is used to have interface between system and user.
communication is between different terminals.

Paste:
[cse414@cc2linux ~]$ paste -d "&" new latest
multitasking is the capability of the operating system to perform various tasks.A single user can perform various tasks.&multitasking is the capability of the operating system

.& os is used to have interface between system and user.&os is used to have interface between system and user

Common:
[cse414@cc2linux ~]$ comm new latest
                multitasking is the capability of the operating system to peerform various tasks.A single user can perform various tasks.
                every user can have a login name and a password .so, accessing another users data is impossible without permission.
                os is used to have interface between system and user.
communication is between different terminals.

Pipes:
 [cse414@cc2linux ~]$ who | wc -l
22
